2026-03-08 07:45:50.141: [INFO][Sync] Reset engine, reason: 8
2026-03-08 07:45:50.141: [INFO][Sync] Stopped: Bookmarks
2026-03-08 07:45:50.141: [INFO][Sync] Stopped: Preferences
2026-03-08 07:45:50.141: [INFO][Sync] Stopped: Passwords
2026-03-08 07:45:50.141: [INFO][Sync] Stopped: Autofill Profiles
2026-03-08 07:45:50.141: [INFO][Sync] Stopped: Autofill
2026-03-08 07:45:50.141: [INFO][Sync] Stopped: Extensions
2026-03-08 07:45:50.141: [INFO][Sync] Stopped: Sessions
2026-03-08 07:45:50.141: [INFO][Sync] Stopped: Extension settings
2026-03-08 07:45:50.141: [INFO][Sync] Stopped: History Delete Directives
2026-03-08 07:45:50.141: [INFO][Sync] Stopped: Device Info
2026-03-08 07:45:50.141: [INFO][Sync] Stopped: User Consents
2026-03-08 07:45:50.141: [INFO][Sync] Stopped: Send Tab To Self
2026-03-08 07:45:50.141: [INFO][Sync] Stopped: Web Apps
2026-03-08 07:45:50.141: [INFO][Sync] Stopped: History
2026-03-08 07:45:50.141: [INFO][Sync] Stopped: Saved Tab Group
2026-03-08 07:45:50.141: [INFO][Sync] Stopped: WebAuthn Credentials
2026-03-08 07:45:50.141: [INFO][Sync] Stopped: Collection
2026-03-08 07:45:50.141: [INFO][Sync] Stopped: Edge E Drop
2026-03-08 07:45:50.141: [INFO][Sync] Stopped: Edge Hub App Usage
2026-03-08 07:45:50.141: [INFO][Sync] Stopped: Edge Wallet
2026-03-08 07:45:50.141: [INFO][Sync] Stopped: Edge Workspace
2026-03-08 07:45:50.141: [INFO][Sync] SyncState after authenticated was: NotSignedIn
2026-03-08 07:45:50.267: [INFO][Sync] Reset engine, reason: 8
2026-03-08 07:45:50.267: [INFO][Sync] Stopped: Bookmarks
2026-03-08 07:45:50.267: [INFO][Sync] Stopped: Preferences
2026-03-08 07:45:50.267: [INFO][Sync] Stopped: Passwords
2026-03-08 07:45:50.267: [INFO][Sync] Stopped: Autofill Profiles
2026-03-08 07:45:50.267: [INFO][Sync] Stopped: Autofill
2026-03-08 07:45:50.267: [INFO][Sync] Stopped: Extensions
2026-03-08 07:45:50.267: [INFO][Sync] Stopped: Sessions
2026-03-08 07:45:50.267: [INFO][Sync] Stopped: Extension settings
2026-03-08 07:45:50.267: [INFO][Sync] Stopped: History Delete Directives
2026-03-08 07:45:50.267: [INFO][Sync] Stopped: Device Info
2026-03-08 07:45:50.267: [INFO][Sync] Stopped: User Consents
2026-03-08 07:45:50.267: [INFO][Sync] Stopped: Send Tab To Self
2026-03-08 07:45:50.267: [INFO][Sync] Stopped: Web Apps
2026-03-08 07:45:50.267: [INFO][Sync] Stopped: History
2026-03-08 07:45:50.267: [INFO][Sync] Stopped: Saved Tab Group
2026-03-08 07:45:50.267: [INFO][Sync] Stopped: WebAuthn Credentials
2026-03-08 07:45:50.267: [INFO][Sync] Stopped: Collection
2026-03-08 07:45:50.267: [INFO][Sync] Stopped: Edge E Drop
2026-03-08 07:45:50.267: [INFO][Sync] Stopped: Edge Hub App Usage
2026-03-08 07:45:50.267: [INFO][Sync] Stopped: Edge Wallet
2026-03-08 07:45:50.267: [INFO][Sync] Stopped: Edge Workspace
2026-03-08 08:07:11.441: [INFO][Sync] Reset engine, reason: 0
2026-03-08 09:54:09.129: [INFO][Sync] Reset engine, reason: 8
2026-03-08 09:54:09.129: [INFO][Sync] Stopped: Bookmarks
2026-03-08 09:54:09.129: [INFO][Sync] Stopped: Preferences
2026-03-08 09:54:09.129: [INFO][Sync] Stopped: Passwords
2026-03-08 09:54:09.129: [INFO][Sync] Stopped: Autofill Profiles
2026-03-08 09:54:09.129: [INFO][Sync] Stopped: Autofill
2026-03-08 09:54:09.129: [INFO][Sync] Stopped: Extensions
2026-03-08 09:54:09.129: [INFO][Sync] Stopped: Sessions
2026-03-08 09:54:09.129: [INFO][Sync] Stopped: Extension settings
2026-03-08 09:54:09.129: [INFO][Sync] Stopped: History Delete Directives
2026-03-08 09:54:09.129: [INFO][Sync] Stopped: Device Info
2026-03-08 09:54:09.129: [INFO][Sync] Stopped: User Consents
2026-03-08 09:54:09.129: [INFO][Sync] Stopped: Send Tab To Self
2026-03-08 09:54:09.129: [INFO][Sync] Stopped: Web Apps
2026-03-08 09:54:09.129: [INFO][Sync] Stopped: History
2026-03-08 09:54:09.129: [INFO][Sync] Stopped: Saved Tab Group
2026-03-08 09:54:09.129: [INFO][Sync] Stopped: WebAuthn Credentials
2026-03-08 09:54:09.129: [INFO][Sync] Stopped: Collection
2026-03-08 09:54:09.129: [INFO][Sync] Stopped: Edge E Drop
2026-03-08 09:54:09.129: [INFO][Sync] Stopped: Edge Hub App Usage
2026-03-08 09:54:09.129: [INFO][Sync] Stopped: Edge Wallet
2026-03-08 09:54:09.129: [INFO][Sync] Stopped: Edge Workspace
2026-03-08 09:54:09.129: [INFO][Sync] SyncState after authenticated was: NotSignedIn
2026-03-08 09:54:09.324: [INFO][Sync] Reset engine, reason: 8
2026-03-08 09:54:09.324: [INFO][Sync] Stopped: Bookmarks
2026-03-08 09:54:09.324: [INFO][Sync] Stopped: Preferences
2026-03-08 09:54:09.324: [INFO][Sync] Stopped: Passwords
2026-03-08 09:54:09.324: [INFO][Sync] Stopped: Autofill Profiles
2026-03-08 09:54:09.324: [INFO][Sync] Stopped: Autofill
2026-03-08 09:54:09.324: [INFO][Sync] Stopped: Extensions
2026-03-08 09:54:09.324: [INFO][Sync] Stopped: Sessions
2026-03-08 09:54:09.324: [INFO][Sync] Stopped: Extension settings
2026-03-08 09:54:09.324: [INFO][Sync] Stopped: History Delete Directives
2026-03-08 09:54:09.324: [INFO][Sync] Stopped: Device Info
2026-03-08 09:54:09.324: [INFO][Sync] Stopped: User Consents
2026-03-08 09:54:09.324: [INFO][Sync] Stopped: Send Tab To Self
2026-03-08 09:54:09.324: [INFO][Sync] Stopped: Web Apps
2026-03-08 09:54:09.324: [INFO][Sync] Stopped: History
2026-03-08 09:54:09.324: [INFO][Sync] Stopped: Saved Tab Group
2026-03-08 09:54:09.324: [INFO][Sync] Stopped: WebAuthn Credentials
2026-03-08 09:54:09.324: [INFO][Sync] Stopped: Collection
2026-03-08 09:54:09.324: [INFO][Sync] Stopped: Edge E Drop
2026-03-08 09:54:09.324: [INFO][Sync] Stopped: Edge Hub App Usage
2026-03-08 09:54:09.324: [INFO][Sync] Stopped: Edge Wallet
2026-03-08 09:54:09.324: [INFO][Sync] Stopped: Edge Workspace
2026-03-08 10:43:03.357: [INFO][Sync] Reset engine, reason: 0
2026-03-08 10:43:41.153: [INFO][Sync] Reset engine, reason: 8
2026-03-08 10:43:41.153: [INFO][Sync] Stopped: Bookmarks
2026-03-08 10:43:41.153: [INFO][Sync] Stopped: Preferences
2026-03-08 10:43:41.153: [INFO][Sync] Stopped: Passwords
2026-03-08 10:43:41.153: [INFO][Sync] Stopped: Autofill Profiles
2026-03-08 10:43:41.153: [INFO][Sync] Stopped: Autofill
2026-03-08 10:43:41.153: [INFO][Sync] Stopped: Extensions
2026-03-08 10:43:41.153: [INFO][Sync] Stopped: Sessions
2026-03-08 10:43:41.153: [INFO][Sync] Stopped: Extension settings
2026-03-08 10:43:41.153: [INFO][Sync] Stopped: History Delete Directives
2026-03-08 10:43:41.153: [INFO][Sync] Stopped: Device Info
2026-03-08 10:43:41.153: [INFO][Sync] Stopped: User Consents
2026-03-08 10:43:41.153: [INFO][Sync] Stopped: Send Tab To Self
2026-03-08 10:43:41.153: [INFO][Sync] Stopped: Web Apps
2026-03-08 10:43:41.153: [INFO][Sync] Stopped: History
2026-03-08 10:43:41.153: [INFO][Sync] Stopped: Saved Tab Group
2026-03-08 10:43:41.153: [INFO][Sync] Stopped: WebAuthn Credentials
2026-03-08 10:43:41.153: [INFO][Sync] Stopped: Collection
2026-03-08 10:43:41.153: [INFO][Sync] Stopped: Edge E Drop
2026-03-08 10:43:41.153: [INFO][Sync] Stopped: Edge Hub App Usage
2026-03-08 10:43:41.153: [INFO][Sync] Stopped: Edge Wallet
2026-03-08 10:43:41.153: [INFO][Sync] Stopped: Edge Workspace
2026-03-08 10:43:41.153: [INFO][Sync] SyncState after authenticated was: NotSignedIn
2026-03-08 10:43:41.372: [INFO][Sync] Reset engine, reason: 8
2026-03-08 10:43:41.372: [INFO][Sync] Stopped: Bookmarks
2026-03-08 10:43:41.372: [INFO][Sync] Stopped: Preferences
2026-03-08 10:43:41.372: [INFO][Sync] Stopped: Passwords
2026-03-08 10:43:41.372: [INFO][Sync] Stopped: Autofill Profiles
2026-03-08 10:43:41.372: [INFO][Sync] Stopped: Autofill
2026-03-08 10:43:41.372: [INFO][Sync] Stopped: Extensions
2026-03-08 10:43:41.372: [INFO][Sync] Stopped: Sessions
2026-03-08 10:43:41.372: [INFO][Sync] Stopped: Extension settings
2026-03-08 10:43:41.372: [INFO][Sync] Stopped: History Delete Directives
2026-03-08 10:43:41.372: [INFO][Sync] Stopped: Device Info
2026-03-08 10:43:41.372: [INFO][Sync] Stopped: User Consents
2026-03-08 10:43:41.372: [INFO][Sync] Stopped: Send Tab To Self
2026-03-08 10:43:41.372: [INFO][Sync] Stopped: Web Apps
2026-03-08 10:43:41.372: [INFO][Sync] Stopped: History
2026-03-08 10:43:41.372: [INFO][Sync] Stopped: Saved Tab Group
2026-03-08 10:43:41.372: [INFO][Sync] Stopped: WebAuthn Credentials
2026-03-08 10:43:41.372: [INFO][Sync] Stopped: Collection
2026-03-08 10:43:41.372: [INFO][Sync] Stopped: Edge E Drop
2026-03-08 10:43:41.372: [INFO][Sync] Stopped: Edge Hub App Usage
2026-03-08 10:43:41.372: [INFO][Sync] Stopped: Edge Wallet
2026-03-08 10:43:41.372: [INFO][Sync] Stopped: Edge Workspace
2026-03-08 12:07:54.068: [INFO][Sync] Reset engine, reason: 0
2026-03-08 13:28:35.737: [INFO][Sync] Reset engine, reason: 8
2026-03-08 13:28:35.737: [INFO][Sync] Stopped: Bookmarks
2026-03-08 13:28:35.737: [INFO][Sync] Stopped: Preferences
2026-03-08 13:28:35.737: [INFO][Sync] Stopped: Passwords
2026-03-08 13:28:35.737: [INFO][Sync] Stopped: Autofill Profiles
2026-03-08 13:28:35.737: [INFO][Sync] Stopped: Autofill
2026-03-08 13:28:35.737: [INFO][Sync] Stopped: Extensions
2026-03-08 13:28:35.737: [INFO][Sync] Stopped: Sessions
2026-03-08 13:28:35.737: [INFO][Sync] Stopped: Extension settings
2026-03-08 13:28:35.737: [INFO][Sync] Stopped: History Delete Directives
2026-03-08 13:28:35.737: [INFO][Sync] Stopped: Device Info
2026-03-08 13:28:35.737: [INFO][Sync] Stopped: User Consents
2026-03-08 13:28:35.737: [INFO][Sync] Stopped: Send Tab To Self
2026-03-08 13:28:35.737: [INFO][Sync] Stopped: Web Apps
2026-03-08 13:28:35.737: [INFO][Sync] Stopped: History
2026-03-08 13:28:35.737: [INFO][Sync] Stopped: Saved Tab Group
2026-03-08 13:28:35.737: [INFO][Sync] Stopped: WebAuthn Credentials
2026-03-08 13:28:35.737: [INFO][Sync] Stopped: Collection
2026-03-08 13:28:35.737: [INFO][Sync] Stopped: Edge E Drop
2026-03-08 13:28:35.737: [INFO][Sync] Stopped: Edge Hub App Usage
2026-03-08 13:28:35.737: [INFO][Sync] Stopped: Edge Wallet
2026-03-08 13:28:35.737: [INFO][Sync] Stopped: Edge Workspace
2026-03-08 13:28:35.737: [INFO][Sync] SyncState after authenticated was: NotSignedIn
2026-03-08 13:28:35.865: [INFO][Sync] Reset engine, reason: 8
2026-03-08 13:28:35.865: [INFO][Sync] Stopped: Bookmarks
2026-03-08 13:28:35.865: [INFO][Sync] Stopped: Preferences
2026-03-08 13:28:35.865: [INFO][Sync] Stopped: Passwords
2026-03-08 13:28:35.865: [INFO][Sync] Stopped: Autofill Profiles
2026-03-08 13:28:35.865: [INFO][Sync] Stopped: Autofill
2026-03-08 13:28:35.865: [INFO][Sync] Stopped: Extensions
2026-03-08 13:28:35.865: [INFO][Sync] Stopped: Sessions
2026-03-08 13:28:35.865: [INFO][Sync] Stopped: Extension settings
2026-03-08 13:28:35.865: [INFO][Sync] Stopped: History Delete Directives
2026-03-08 13:28:35.865: [INFO][Sync] Stopped: Device Info
2026-03-08 13:28:35.865: [INFO][Sync] Stopped: User Consents
2026-03-08 13:28:35.865: [INFO][Sync] Stopped: Send Tab To Self
2026-03-08 13:28:35.865: [INFO][Sync] Stopped: Web Apps
2026-03-08 13:28:35.865: [INFO][Sync] Stopped: History
2026-03-08 13:28:35.865: [INFO][Sync] Stopped: Saved Tab Group
2026-03-08 13:28:35.865: [INFO][Sync] Stopped: WebAuthn Credentials
2026-03-08 13:28:35.865: [INFO][Sync] Stopped: Collection
2026-03-08 13:28:35.865: [INFO][Sync] Stopped: Edge E Drop
2026-03-08 13:28:35.865: [INFO][Sync] Stopped: Edge Hub App Usage
2026-03-08 13:28:35.865: [INFO][Sync] Stopped: Edge Wallet
2026-03-08 13:28:35.865: [INFO][Sync] Stopped: Edge Workspace
2026-03-08 14:48:07.308: [INFO][Sync] Reset engine, reason: 0
2026-03-08 15:00:11.513: [INFO][Sync] Reset engine, reason: 8
2026-03-08 15:00:11.513: [INFO][Sync] Stopped: Bookmarks
2026-03-08 15:00:11.513: [INFO][Sync] Stopped: Preferences
2026-03-08 15:00:11.513: [INFO][Sync] Stopped: Passwords
2026-03-08 15:00:11.513: [INFO][Sync] Stopped: Autofill Profiles
2026-03-08 15:00:11.513: [INFO][Sync] Stopped: Autofill
2026-03-08 15:00:11.513: [INFO][Sync] Stopped: Extensions
2026-03-08 15:00:11.513: [INFO][Sync] Stopped: Sessions
2026-03-08 15:00:11.513: [INFO][Sync] Stopped: Extension settings
2026-03-08 15:00:11.513: [INFO][Sync] Stopped: History Delete Directives
2026-03-08 15:00:11.513: [INFO][Sync] Stopped: Device Info
2026-03-08 15:00:11.513: [INFO][Sync] Stopped: User Consents
2026-03-08 15:00:11.513: [INFO][Sync] Stopped: Send Tab To Self
2026-03-08 15:00:11.513: [INFO][Sync] Stopped: Web Apps
2026-03-08 15:00:11.513: [INFO][Sync] Stopped: History
2026-03-08 15:00:11.513: [INFO][Sync] Stopped: Saved Tab Group
2026-03-08 15:00:11.513: [INFO][Sync] Stopped: WebAuthn Credentials
2026-03-08 15:00:11.513: [INFO][Sync] Stopped: Collection
2026-03-08 15:00:11.513: [INFO][Sync] Stopped: Edge E Drop
2026-03-08 15:00:11.513: [INFO][Sync] Stopped: Edge Hub App Usage
2026-03-08 15:00:11.513: [INFO][Sync] Stopped: Edge Wallet
2026-03-08 15:00:11.513: [INFO][Sync] Stopped: Edge Workspace
2026-03-08 15:00:11.513: [INFO][Sync] SyncState after authenticated was: NotSignedIn
2026-03-08 15:00:11.687: [INFO][Sync] Reset engine, reason: 8
2026-03-08 15:00:11.687: [INFO][Sync] Stopped: Bookmarks
2026-03-08 15:00:11.687: [INFO][Sync] Stopped: Preferences
2026-03-08 15:00:11.687: [INFO][Sync] Stopped: Passwords
2026-03-08 15:00:11.687: [INFO][Sync] Stopped: Autofill Profiles
2026-03-08 15:00:11.687: [INFO][Sync] Stopped: Autofill
2026-03-08 15:00:11.687: [INFO][Sync] Stopped: Extensions
2026-03-08 15:00:11.687: [INFO][Sync] Stopped: Sessions
2026-03-08 15:00:11.687: [INFO][Sync] Stopped: Extension settings
2026-03-08 15:00:11.687: [INFO][Sync] Stopped: History Delete Directives
2026-03-08 15:00:11.687: [INFO][Sync] Stopped: Device Info
2026-03-08 15:00:11.687: [INFO][Sync] Stopped: User Consents
2026-03-08 15:00:11.687: [INFO][Sync] Stopped: Send Tab To Self
2026-03-08 15:00:11.687: [INFO][Sync] Stopped: Web Apps
2026-03-08 15:00:11.687: [INFO][Sync] Stopped: History
2026-03-08 15:00:11.687: [INFO][Sync] Stopped: Saved Tab Group
2026-03-08 15:00:11.687: [INFO][Sync] Stopped: WebAuthn Credentials
2026-03-08 15:00:11.687: [INFO][Sync] Stopped: Collection
2026-03-08 15:00:11.687: [INFO][Sync] Stopped: Edge E Drop
2026-03-08 15:00:11.687: [INFO][Sync] Stopped: Edge Hub App Usage
2026-03-08 15:00:11.687: [INFO][Sync] Stopped: Edge Wallet
2026-03-08 15:00:11.687: [INFO][Sync] Stopped: Edge Workspace
2026-03-08 16:11:28.578: [INFO][Sync] Reset engine, reason: 0
2026-03-09 01:32:18.098: [INFO][Sync] Reset engine, reason: 8
2026-03-09 01:32:18.098: [INFO][Sync] Stopped: Bookmarks
2026-03-09 01:32:18.098: [INFO][Sync] Stopped: Preferences
2026-03-09 01:32:18.098: [INFO][Sync] Stopped: Passwords
2026-03-09 01:32:18.098: [INFO][Sync] Stopped: Autofill Profiles
2026-03-09 01:32:18.098: [INFO][Sync] Stopped: Autofill
2026-03-09 01:32:18.098: [INFO][Sync] Stopped: Extensions
2026-03-09 01:32:18.098: [INFO][Sync] Stopped: Sessions
2026-03-09 01:32:18.099: [INFO][Sync] Stopped: Extension settings
2026-03-09 01:32:18.099: [INFO][Sync] Stopped: History Delete Directives
2026-03-09 01:32:18.099: [INFO][Sync] Stopped: Device Info
2026-03-09 01:32:18.099: [INFO][Sync] Stopped: User Consents
2026-03-09 01:32:18.099: [INFO][Sync] Stopped: Send Tab To Self
2026-03-09 01:32:18.099: [INFO][Sync] Stopped: Web Apps
2026-03-09 01:32:18.099: [INFO][Sync] Stopped: History
2026-03-09 01:32:18.099: [INFO][Sync] Stopped: Saved Tab Group
2026-03-09 01:32:18.099: [INFO][Sync] Stopped: WebAuthn Credentials
2026-03-09 01:32:18.099: [INFO][Sync] Stopped: Collection
2026-03-09 01:32:18.099: [INFO][Sync] Stopped: Edge E Drop
2026-03-09 01:32:18.099: [INFO][Sync] Stopped: Edge Hub App Usage
2026-03-09 01:32:18.099: [INFO][Sync] Stopped: Edge Wallet
2026-03-09 01:32:18.099: [INFO][Sync] Stopped: Edge Workspace
2026-03-09 01:32:18.099: [INFO][Sync] SyncState after authenticated was: NotSignedIn
2026-03-09 01:32:18.233: [INFO][Sync] Reset engine, reason: 8
2026-03-09 01:32:18.233: [INFO][Sync] Stopped: Bookmarks
2026-03-09 01:32:18.233: [INFO][Sync] Stopped: Preferences
2026-03-09 01:32:18.233: [INFO][Sync] Stopped: Passwords
2026-03-09 01:32:18.233: [INFO][Sync] Stopped: Autofill Profiles
2026-03-09 01:32:18.233: [INFO][Sync] Stopped: Autofill
2026-03-09 01:32:18.233: [INFO][Sync] Stopped: Extensions
2026-03-09 01:32:18.233: [INFO][Sync] Stopped: Sessions
2026-03-09 01:32:18.233: [INFO][Sync] Stopped: Extension settings
2026-03-09 01:32:18.233: [INFO][Sync] Stopped: History Delete Directives
2026-03-09 01:32:18.233: [INFO][Sync] Stopped: Device Info
2026-03-09 01:32:18.233: [INFO][Sync] Stopped: User Consents
2026-03-09 01:32:18.233: [INFO][Sync] Stopped: Send Tab To Self
2026-03-09 01:32:18.233: [INFO][Sync] Stopped: Web Apps
2026-03-09 01:32:18.233: [INFO][Sync] Stopped: History
2026-03-09 01:32:18.233: [INFO][Sync] Stopped: Saved Tab Group
2026-03-09 01:32:18.233: [INFO][Sync] Stopped: WebAuthn Credentials
2026-03-09 01:32:18.233: [INFO][Sync] Stopped: Collection
2026-03-09 01:32:18.233: [INFO][Sync] Stopped: Edge E Drop
2026-03-09 01:32:18.234: [INFO][Sync] Stopped: Edge Hub App Usage
2026-03-09 01:32:18.234: [INFO][Sync] Stopped: Edge Wallet
2026-03-09 01:32:18.234: [INFO][Sync] Stopped: Edge Workspace
2026-03-09 02:47:05.548: [INFO][Sync] Reset engine, reason: 0
2026-03-09 02:47:48.952: [INFO][Sync] Reset engine, reason: 8
2026-03-09 02:47:48.952: [INFO][Sync] Stopped: Bookmarks
2026-03-09 02:47:48.952: [INFO][Sync] Stopped: Preferences
2026-03-09 02:47:48.952: [INFO][Sync] Stopped: Passwords
2026-03-09 02:47:48.952: [INFO][Sync] Stopped: Autofill Profiles
2026-03-09 02:47:48.952: [INFO][Sync] Stopped: Autofill
2026-03-09 02:47:48.952: [INFO][Sync] Stopped: Extensions
2026-03-09 02:47:48.952: [INFO][Sync] Stopped: Sessions
2026-03-09 02:47:48.952: [INFO][Sync] Stopped: Extension settings
2026-03-09 02:47:48.952: [INFO][Sync] Stopped: History Delete Directives
2026-03-09 02:47:48.952: [INFO][Sync] Stopped: Device Info
2026-03-09 02:47:48.952: [INFO][Sync] Stopped: User Consents
2026-03-09 02:47:48.952: [INFO][Sync] Stopped: Send Tab To Self
2026-03-09 02:47:48.952: [INFO][Sync] Stopped: Web Apps
2026-03-09 02:47:48.952: [INFO][Sync] Stopped: History
2026-03-09 02:47:48.952: [INFO][Sync] Stopped: Saved Tab Group
2026-03-09 02:47:48.952: [INFO][Sync] Stopped: WebAuthn Credentials
2026-03-09 02:47:48.952: [INFO][Sync] Stopped: Collection
2026-03-09 02:47:48.952: [INFO][Sync] Stopped: Edge E Drop
2026-03-09 02:47:48.952: [INFO][Sync] Stopped: Edge Hub App Usage
2026-03-09 02:47:48.952: [INFO][Sync] Stopped: Edge Wallet
2026-03-09 02:47:48.952: [INFO][Sync] Stopped: Edge Workspace
2026-03-09 02:47:48.952: [INFO][Sync] SyncState after authenticated was: NotSignedIn
2026-03-09 02:47:49.132: [INFO][Sync] Reset engine, reason: 8
2026-03-09 02:47:49.132: [INFO][Sync] Stopped: Bookmarks
2026-03-09 02:47:49.132: [INFO][Sync] Stopped: Preferences
2026-03-09 02:47:49.132: [INFO][Sync] Stopped: Passwords
2026-03-09 02:47:49.132: [INFO][Sync] Stopped: Autofill Profiles
2026-03-09 02:47:49.132: [INFO][Sync] Stopped: Autofill
2026-03-09 02:47:49.132: [INFO][Sync] Stopped: Extensions
2026-03-09 02:47:49.132: [INFO][Sync] Stopped: Sessions
2026-03-09 02:47:49.132: [INFO][Sync] Stopped: Extension settings
2026-03-09 02:47:49.132: [INFO][Sync] Stopped: History Delete Directives
2026-03-09 02:47:49.132: [INFO][Sync] Stopped: Device Info
2026-03-09 02:47:49.132: [INFO][Sync] Stopped: User Consents
2026-03-09 02:47:49.132: [INFO][Sync] Stopped: Send Tab To Self
2026-03-09 02:47:49.132: [INFO][Sync] Stopped: Web Apps
2026-03-09 02:47:49.132: [INFO][Sync] Stopped: History
2026-03-09 02:47:49.132: [INFO][Sync] Stopped: Saved Tab Group
2026-03-09 02:47:49.132: [INFO][Sync] Stopped: WebAuthn Credentials
2026-03-09 02:47:49.132: [INFO][Sync] Stopped: Collection
2026-03-09 02:47:49.132: [INFO][Sync] Stopped: Edge E Drop
2026-03-09 02:47:49.132: [INFO][Sync] Stopped: Edge Hub App Usage
2026-03-09 02:47:49.132: [INFO][Sync] Stopped: Edge Wallet
2026-03-09 02:47:49.132: [INFO][Sync] Stopped: Edge Workspace
2026-03-09 04:27:59.936: [INFO][Sync] Reset engine, reason: 0
2026-03-09 04:28:36.245: [INFO][Sync] Reset engine, reason: 8
2026-03-09 04:28:36.245: [INFO][Sync] Stopped: Bookmarks
2026-03-09 04:28:36.245: [INFO][Sync] Stopped: Preferences
2026-03-09 04:28:36.245: [INFO][Sync] Stopped: Passwords
2026-03-09 04:28:36.245: [INFO][Sync] Stopped: Autofill Profiles
2026-03-09 04:28:36.245: [INFO][Sync] Stopped: Autofill
2026-03-09 04:28:36.245: [INFO][Sync] Stopped: Extensions
2026-03-09 04:28:36.245: [INFO][Sync] Stopped: Sessions
2026-03-09 04:28:36.245: [INFO][Sync] Stopped: Extension settings
2026-03-09 04:28:36.245: [INFO][Sync] Stopped: History Delete Directives
2026-03-09 04:28:36.245: [INFO][Sync] Stopped: Device Info
2026-03-09 04:28:36.245: [INFO][Sync] Stopped: User Consents
2026-03-09 04:28:36.245: [INFO][Sync] Stopped: Send Tab To Self
2026-03-09 04:28:36.245: [INFO][Sync] Stopped: Web Apps
2026-03-09 04:28:36.245: [INFO][Sync] Stopped: History
2026-03-09 04:28:36.245: [INFO][Sync] Stopped: Saved Tab Group
2026-03-09 04:28:36.245: [INFO][Sync] Stopped: WebAuthn Credentials
2026-03-09 04:28:36.245: [INFO][Sync] Stopped: Collection
2026-03-09 04:28:36.245: [INFO][Sync] Stopped: Edge E Drop
2026-03-09 04:28:36.245: [INFO][Sync] Stopped: Edge Hub App Usage
2026-03-09 04:28:36.245: [INFO][Sync] Stopped: Edge Wallet
2026-03-09 04:28:36.245: [INFO][Sync] Stopped: Edge Workspace
2026-03-09 04:28:36.245: [INFO][Sync] SyncState after authenticated was: NotSignedIn
2026-03-09 04:28:36.453: [INFO][Sync] Reset engine, reason: 8
2026-03-09 04:28:36.453: [INFO][Sync] Stopped: Bookmarks
2026-03-09 04:28:36.453: [INFO][Sync] Stopped: Preferences
2026-03-09 04:28:36.453: [INFO][Sync] Stopped: Passwords
2026-03-09 04:28:36.453: [INFO][Sync] Stopped: Autofill Profiles
2026-03-09 04:28:36.453: [INFO][Sync] Stopped: Autofill
2026-03-09 04:28:36.453: [INFO][Sync] Stopped: Extensions
2026-03-09 04:28:36.453: [INFO][Sync] Stopped: Sessions
2026-03-09 04:28:36.453: [INFO][Sync] Stopped: Extension settings
2026-03-09 04:28:36.453: [INFO][Sync] Stopped: History Delete Directives
2026-03-09 04:28:36.453: [INFO][Sync] Stopped: Device Info
2026-03-09 04:28:36.453: [INFO][Sync] Stopped: User Consents
2026-03-09 04:28:36.453: [INFO][Sync] Stopped: Send Tab To Self
2026-03-09 04:28:36.453: [INFO][Sync] Stopped: Web Apps
2026-03-09 04:28:36.453: [INFO][Sync] Stopped: History
2026-03-09 04:28:36.453: [INFO][Sync] Stopped: Saved Tab Group
2026-03-09 04:28:36.453: [INFO][Sync] Stopped: WebAuthn Credentials
2026-03-09 04:28:36.453: [INFO][Sync] Stopped: Collection
2026-03-09 04:28:36.453: [INFO][Sync] Stopped: Edge E Drop
2026-03-09 04:28:36.453: [INFO][Sync] Stopped: Edge Hub App Usage
2026-03-09 04:28:36.453: [INFO][Sync] Stopped: Edge Wallet
2026-03-09 04:28:36.453: [INFO][Sync] Stopped: Edge Workspace
2026-03-09 04:37:29.874: [INFO][Sync] Reset engine, reason: 0
